---
source: tui/src/keymap_setup.rs
expression: "render_picker(params, 78)"
---
                                                                              
  Keymap                                                                      
  All configurable shortcuts.                                                 
  91 actions, 0 customized, 1 unbound.                                        
                                                                              
  [All]  Common  Customized (0)  Unbound (1)  App  Composer  Editor  Vim      
  Navigation  Approval                                                        
                                                                              
  Type to search shortcuts                                                    
› Global         Open Transcript                Current ctrl-t · Default ke…  
  Global         Open External Editor           ctrl-g · Default              
  Global         Copy                           ctrl-o · Default              
  Global       - Toggle Vim Mode                unbound · Default             
  Chat           Edit Previous Message          esc · Default                 
  Chat           Confirm Edit Previous Message  enter · Default               
  Composer       Submit                         enter · Default               
  Composer       Queue                          tab · Default                 
                                                                              
  left/right group · enter edit shortcut · esc close
