---
source: tui/src/keymap_setup.rs
expression: "render_picker(params, 120)"
---
                                                                                                                        
  Remap Shortcut                                                        Selected Action                                 
  Search actions. Enter edits the selected shortcut.                                                                    
                                                                        Open Transcript                                 
  Search actions...                                                     Global  global.open_transcript                  
› Global       Open Transcript                ctrl-t                                                                    
  Global       Open External Editor           ctrl-g                    Current: ctrl-t                                 
  Global       Copy                           ctrl-o                    Source: default keymap                          
  Global       Toggle Vim Mode                unbound                                                                   
  Chat         Edit Previous Message          esc                       Open the transcript overlay.                    
  Chat         Confirm Edit Previous Message  enter                                                                     
  Composer     Submit                         enter                     Enter edits this shortcut                       
  Composer     Queue                          tab                                                                       
                                                                                                                        
  Saves to root `tui.keymap.*` so shortcuts stay consistent across profiles.                                            
  Press enter to confirm or esc to go back
